Error

scripts/ui/components/quest-hub.lua:191: attempt to index a nil value


Traceback

scripts/ui/components/quest-hub.lua:191: in function 'drawQuestHubProifle'
scripts/ui/components/quest-hub.lua:181: in function 'drawQuestHub'
scripts/ui/hud_controller.lua:176: in function 'drawHUD'
main.lua:194: in function 'draw'
[C]: in function 'xpcall'

